// Jest Snapshot v1, https://goo.gl/fbAQLP

exports[`DatePicker ui test should match snapshot 1`] = `
<button
  class="gio-btn gio-btn-secondary"
  style="cursor:pointer"
  type="button"
>
  <span
    aria-label="calendar-outlined"
    class="gio-icon"
    role="img"
  >
    <svg
      fill="currentColor"
      height="16px"
      viewBox="0 0 14.01 14"
      width="16px"
      xmlns="http://www.w3.org/2000/svg"
    >
      <defs />
      <g>
        <g>
          <path
            d="M10.5 7h-1a.5.5 0 010-1h1a.5.5 0 010 1zm-3 0h-1a.5.5 0 010-1h1a.5.5 0 010 1zm-3 0h-1a.5.5 0 010-1h1a.5.5 0 010 1zm6 3h-1a.5.5 0 010-1h1a.5.5 0 010 1zm-3 0h-1a.5.5 0 010-1h1a.5.5 0 010 1zm-3 0h-1a.5.5 0 010-1h1a.5.5 0 010 1zm-3-6.95a.53.53 0 00-.5.53v7.93a.54.54 0 00.53.54h10.94a.54.54 0 00.53-.54V3.58a.53.53 0 00-.53-.53h-1.33a.13.13 0 00-.1 0 .12.12 0 000 .1v.35a.5.5 0 01-1 0v-.31a.14.14 0 00-.14-.14H4.14a.14.14 0 00-.14.14v.31a.5.5 0 01-1 0v-.31a.12.12 0 000-.1.13.13 0 00-.1 0zM9.86 2a.14.14 0 00.14-.14V1.5a.5.5 0 011 0v.36a.14.14 0 00.14.14H13a1 1 0 011 1v9a1 1 0 01-1 1H1a1 1 0 01-1-1V3a1 1 0 011-1h1.86A.14.14 0 003 1.86V1.5a.5.5 0 011 0v.36a.14.14 0 00.14.14z"
            fill="currentColor"
            fill-rule="evenodd"
            id="calendar-outlined_svg__calendar"
          />
        </g>
      </g>
    </svg>
  </span>
  <span>
    今天
  </span>
</button>
`;
