// Jest Snapshot v1, https://goo.gl/fbAQLP

exports[`RelativeBetween -1, -1 values 1`] = `
Array [
  <div
    style="display: flex; align-items: center; flex-wrap: wrap;"
  >
    <div
      aria-controls="expandable"
      aria-disabled="false"
      aria-expanded="false"
      aria-hidden="true"
      class="gio-select gio-select-middle gio-select-single gio-select-bordered"
      role="combobox"
      style="margin-right: 4px; width: 90px; cursor: pointer;"
      tabindex="0"
    >
      <div
        id="selector"
      >
        <div
          class="gio-select-selector"
        >
          <div
            class="gio-select-values-wrapper"
          >
            <div
              class="gio-select-item"
            >
              <span
                class="gio-select-item-text"
              >
                过去
              </span>
            </div>
          </div>
        </div>
        <div
          aria-hidden="true"
          class="gio-select-arrow"
        >
          <span
            class="gio-icon gio-select-icon-arrow"
          >
            <svg
              class="gio-icon-svg"
              fill="currentColor"
              height="16px"
              viewBox="0 0 14 14"
              width="16px"
              xmlns="http://www.w3.org/2000/svg"
            >
              <defs />
              <g>
                <g>
                  <path
                    d="M7.39 9.51a.5.5 0 01-.78 0l-3-3.7a.51.51 0 01-.06-.53A.5.5 0 014 5h6a.5.5 0 01.45.28.51.51 0 01-.06.53z"
                    fill="currentColor"
                    fill-rule="evenodd"
                    id="down-filled_svg__down-2"
                  />
                </g>
              </g>
            </svg>
          </span>
        </div>
      </div>
    </div>
    <div
      class="gio-input gio-input--middle gio-input__container"
      style="width: 150px; margin: 0px 4px;"
    >
      <input
        class="gio-input__content gio-input__content-suffix"
        placeholder=""
        type="text"
        value="1"
      />
      <div
        class="gio-input__suffix"
      >
        <div
          class="gio-input__suffix-iconGroup"
        >
          <span
            class="gio-icon gio-input__suffix-iconGroup-bottom gio-input__suffix-icon-disabled"
          >
            <svg
              class="gio-icon-svg"
              fill="currentColor"
              height="16px"
              viewBox="0 0 14 14"
              width="16px"
              xmlns="http://www.w3.org/2000/svg"
            >
              <defs />
              <g>
                <g>
                  <path
                    d="M7.39 9.51a.5.5 0 01-.78 0l-3-3.7a.51.51 0 01-.06-.53A.5.5 0 014 5h6a.5.5 0 01.45.28.51.51 0 01-.06.53z"
                    fill="currentColor"
                    fill-rule="evenodd"
                    id="down-filled_svg__down-2"
                  />
                </g>
              </g>
            </svg>
          </span>
          <span
            class="gio-icon gio-input__suffix-iconGroup-top gio-input__suffix-icon"
          >
            <svg
              class="gio-icon-svg"
              fill="currentColor"
              height="16px"
              viewBox="0 0 14 14"
              width="16px"
              xmlns="http://www.w3.org/2000/svg"
            >
              <defs />
              <g>
                <g>
                  <path
                    d="M6.61 4.49a.5.5 0 01.78 0l3 3.7a.51.51 0 01.06.53A.5.5 0 0110 9H4a.5.5 0 01-.45-.28.51.51 0 01.06-.53z"
                    fill="currentColor"
                    fill-rule="evenodd"
                    id="up-filled_svg__up-2"
                  />
                </g>
              </g>
            </svg>
          </span>
        </div>
      </div>
    </div>
    <div
      style="white-space: nowrap; margin: 0px 4px;"
    >
      天至
    </div>
  </div>,
  <div
    style="display: flex; align-items: center; flex-wrap: wrap;"
  >
    <div
      class="gio-input gio-input--middle gio-input__container"
      style="width: 150px; margin: 0px 4px 0px 0px;"
    >
      <input
        class="gio-input__content gio-input__content-suffix"
        placeholder=""
        type="text"
        value="1"
      />
      <div
        class="gio-input__suffix"
      >
        <div
          class="gio-input__suffix-iconGroup"
        >
          <span
            class="gio-icon gio-input__suffix-iconGroup-bottom gio-input__suffix-icon-disabled"
          >
            <svg
              class="gio-icon-svg"
              fill="currentColor"
              height="16px"
              viewBox="0 0 14 14"
              width="16px"
              xmlns="http://www.w3.org/2000/svg"
            >
              <defs />
              <g>
                <g>
                  <path
                    d="M7.39 9.51a.5.5 0 01-.78 0l-3-3.7a.51.51 0 01-.06-.53A.5.5 0 014 5h6a.5.5 0 01.45.28.51.51 0 01-.06.53z"
                    fill="currentColor"
                    fill-rule="evenodd"
                    id="down-filled_svg__down-2"
                  />
                </g>
              </g>
            </svg>
          </span>
          <span
            class="gio-icon gio-input__suffix-iconGroup-top gio-input__suffix-icon"
          >
            <svg
              class="gio-icon-svg"
              fill="currentColor"
              height="16px"
              viewBox="0 0 14 14"
              width="16px"
              xmlns="http://www.w3.org/2000/svg"
            >
              <defs />
              <g>
                <g>
                  <path
                    d="M6.61 4.49a.5.5 0 01.78 0l3 3.7a.51.51 0 01.06.53A.5.5 0 0110 9H4a.5.5 0 01-.45-.28.51.51 0 01.06-.53z"
                    fill="currentColor"
                    fill-rule="evenodd"
                    id="up-filled_svg__up-2"
                  />
                </g>
              </g>
            </svg>
          </span>
        </div>
      </div>
    </div>
    <div
      style="white-space: nowrap; margin: 16px 4px;"
    >
      天之内
    </div>
  </div>,
]
`;

exports[`RelativeBetween 1, 2 values 1`] = `
Array [
  <div
    style="display: flex; align-items: center; flex-wrap: wrap;"
  >
    <div
      aria-controls="expandable"
      aria-disabled="false"
      aria-expanded="false"
      aria-hidden="true"
      class="gio-select gio-select-middle gio-select-single gio-select-bordered"
      role="combobox"
      style="margin-right: 4px; width: 90px; cursor: pointer;"
      tabindex="0"
    >
      <div
        id="selector"
      >
        <div
          class="gio-select-selector"
        >
          <div
            class="gio-select-values-wrapper"
          >
            <div
              class="gio-select-item"
            >
              <span
                class="gio-select-item-text"
              >
                未来
              </span>
            </div>
          </div>
        </div>
        <div
          aria-hidden="true"
          class="gio-select-arrow"
        >
          <span
            class="gio-icon gio-select-icon-arrow"
          >
            <svg
              class="gio-icon-svg"
              fill="currentColor"
              height="16px"
              viewBox="0 0 14 14"
              width="16px"
              xmlns="http://www.w3.org/2000/svg"
            >
              <defs />
              <g>
                <g>
                  <path
                    d="M7.39 9.51a.5.5 0 01-.78 0l-3-3.7a.51.51 0 01-.06-.53A.5.5 0 014 5h6a.5.5 0 01.45.28.51.51 0 01-.06.53z"
                    fill="currentColor"
                    fill-rule="evenodd"
                    id="down-filled_svg__down-2"
                  />
                </g>
              </g>
            </svg>
          </span>
        </div>
      </div>
    </div>
    <div
      class="gio-input gio-input--middle gio-input__container"
      style="width: 150px; margin: 0px 4px;"
    >
      <input
        class="gio-input__content gio-input__content-suffix"
        placeholder=""
        type="text"
        value="1"
      />
      <div
        class="gio-input__suffix"
      >
        <div
          class="gio-input__suffix-iconGroup"
        >
          <span
            class="gio-icon gio-input__suffix-iconGroup-bottom gio-input__suffix-icon-disabled"
          >
            <svg
              class="gio-icon-svg"
              fill="currentColor"
              height="16px"
              viewBox="0 0 14 14"
              width="16px"
              xmlns="http://www.w3.org/2000/svg"
            >
              <defs />
              <g>
                <g>
                  <path
                    d="M7.39 9.51a.5.5 0 01-.78 0l-3-3.7a.51.51 0 01-.06-.53A.5.5 0 014 5h6a.5.5 0 01.45.28.51.51 0 01-.06.53z"
                    fill="currentColor"
                    fill-rule="evenodd"
                    id="down-filled_svg__down-2"
                  />
                </g>
              </g>
            </svg>
          </span>
          <span
            class="gio-icon gio-input__suffix-iconGroup-top gio-input__suffix-icon"
          >
            <svg
              class="gio-icon-svg"
              fill="currentColor"
              height="16px"
              viewBox="0 0 14 14"
              width="16px"
              xmlns="http://www.w3.org/2000/svg"
            >
              <defs />
              <g>
                <g>
                  <path
                    d="M6.61 4.49a.5.5 0 01.78 0l3 3.7a.51.51 0 01.06.53A.5.5 0 0110 9H4a.5.5 0 01-.45-.28.51.51 0 01.06-.53z"
                    fill="currentColor"
                    fill-rule="evenodd"
                    id="up-filled_svg__up-2"
                  />
                </g>
              </g>
            </svg>
          </span>
        </div>
      </div>
    </div>
    <div
      style="white-space: nowrap; margin: 0px 4px;"
    >
      天至
    </div>
  </div>,
  <div
    style="display: flex; align-items: center; flex-wrap: wrap;"
  >
    <div
      class="gio-input gio-input--middle gio-input__container"
      style="width: 150px; margin: 0px 4px 0px 0px;"
    >
      <input
        class="gio-input__content gio-input__content-suffix"
        placeholder=""
        type="text"
        value="2"
      />
      <div
        class="gio-input__suffix"
      >
        <div
          class="gio-input__suffix-iconGroup"
        >
          <span
            class="gio-icon gio-input__suffix-iconGroup-bottom gio-input__suffix-icon"
          >
            <svg
              class="gio-icon-svg"
              fill="currentColor"
              height="16px"
              viewBox="0 0 14 14"
              width="16px"
              xmlns="http://www.w3.org/2000/svg"
            >
              <defs />
              <g>
                <g>
                  <path
                    d="M7.39 9.51a.5.5 0 01-.78 0l-3-3.7a.51.51 0 01-.06-.53A.5.5 0 014 5h6a.5.5 0 01.45.28.51.51 0 01-.06.53z"
                    fill="currentColor"
                    fill-rule="evenodd"
                    id="down-filled_svg__down-2"
                  />
                </g>
              </g>
            </svg>
          </span>
          <span
            class="gio-icon gio-input__suffix-iconGroup-top gio-input__suffix-icon"
          >
            <svg
              class="gio-icon-svg"
              fill="currentColor"
              height="16px"
              viewBox="0 0 14 14"
              width="16px"
              xmlns="http://www.w3.org/2000/svg"
            >
              <defs />
              <g>
                <g>
                  <path
                    d="M6.61 4.49a.5.5 0 01.78 0l3 3.7a.51.51 0 01.06.53A.5.5 0 0110 9H4a.5.5 0 01-.45-.28.51.51 0 01.06-.53z"
                    fill="currentColor"
                    fill-rule="evenodd"
                    id="up-filled_svg__up-2"
                  />
                </g>
              </g>
            </svg>
          </span>
        </div>
      </div>
    </div>
    <div
      style="white-space: nowrap; margin: 16px 4px;"
    >
      天之内
    </div>
  </div>,
]
`;

exports[`RelativeBetween 1, 2 values 2`] = `
Array [
  <div
    style="display: flex; align-items: center; flex-wrap: wrap;"
  >
    <div
      aria-controls="expandable"
      aria-disabled="false"
      aria-expanded="false"
      aria-hidden="true"
      class="gio-select gio-select-middle gio-select-single gio-select-bordered"
      role="combobox"
      style="margin-right: 4px; width: 90px; cursor: pointer;"
      tabindex="0"
    >
      <div
        id="selector"
      >
        <div
          class="gio-select-selector"
        >
          <div
            class="gio-select-values-wrapper"
          >
            <div
              class="gio-select-item"
            >
              <span
                class="gio-select-item-text"
              >
                未来
              </span>
            </div>
          </div>
        </div>
        <div
          aria-hidden="true"
          class="gio-select-arrow"
        >
          <span
            class="gio-icon gio-select-icon-arrow"
          >
            <svg
              class="gio-icon-svg"
              fill="currentColor"
              height="16px"
              viewBox="0 0 14 14"
              width="16px"
              xmlns="http://www.w3.org/2000/svg"
            >
              <defs />
              <g>
                <g>
                  <path
                    d="M7.39 9.51a.5.5 0 01-.78 0l-3-3.7a.51.51 0 01-.06-.53A.5.5 0 014 5h6a.5.5 0 01.45.28.51.51 0 01-.06.53z"
                    fill="currentColor"
                    fill-rule="evenodd"
                    id="down-filled_svg__down-2"
                  />
                </g>
              </g>
            </svg>
          </span>
        </div>
      </div>
    </div>
    <div
      class="gio-input gio-input--middle gio-input__container"
      style="width: 150px; margin: 0px 4px;"
    >
      <input
        class="gio-input__content gio-input__content-suffix"
        placeholder=""
        type="text"
        value="1"
      />
      <div
        class="gio-input__suffix"
      >
        <div
          class="gio-input__suffix-iconGroup"
        >
          <span
            class="gio-icon gio-input__suffix-iconGroup-bottom gio-input__suffix-icon-disabled"
          >
            <svg
              class="gio-icon-svg"
              fill="currentColor"
              height="16px"
              viewBox="0 0 14 14"
              width="16px"
              xmlns="http://www.w3.org/2000/svg"
            >
              <defs />
              <g>
                <g>
                  <path
                    d="M7.39 9.51a.5.5 0 01-.78 0l-3-3.7a.51.51 0 01-.06-.53A.5.5 0 014 5h6a.5.5 0 01.45.28.51.51 0 01-.06.53z"
                    fill="currentColor"
                    fill-rule="evenodd"
                    id="down-filled_svg__down-2"
                  />
                </g>
              </g>
            </svg>
          </span>
          <span
            class="gio-icon gio-input__suffix-iconGroup-top gio-input__suffix-icon"
          >
            <svg
              class="gio-icon-svg"
              fill="currentColor"
              height="16px"
              viewBox="0 0 14 14"
              width="16px"
              xmlns="http://www.w3.org/2000/svg"
            >
              <defs />
              <g>
                <g>
                  <path
                    d="M6.61 4.49a.5.5 0 01.78 0l3 3.7a.51.51 0 01.06.53A.5.5 0 0110 9H4a.5.5 0 01-.45-.28.51.51 0 01.06-.53z"
                    fill="currentColor"
                    fill-rule="evenodd"
                    id="up-filled_svg__up-2"
                  />
                </g>
              </g>
            </svg>
          </span>
        </div>
      </div>
    </div>
    <div
      style="white-space: nowrap; margin: 0px 4px;"
    >
      天至
    </div>
  </div>,
  <div
    style="display: flex; align-items: center; flex-wrap: wrap;"
  >
    <div
      class="gio-input gio-input--middle gio-input__container"
      style="width: 150px; margin: 0px 4px 0px 0px;"
    >
      <input
        class="gio-input__content gio-input__content-suffix"
        placeholder=""
        type="text"
        value="2"
      />
      <div
        class="gio-input__suffix"
      >
        <div
          class="gio-input__suffix-iconGroup"
        >
          <span
            class="gio-icon gio-input__suffix-iconGroup-bottom gio-input__suffix-icon"
          >
            <svg
              class="gio-icon-svg"
              fill="currentColor"
              height="16px"
              viewBox="0 0 14 14"
              width="16px"
              xmlns="http://www.w3.org/2000/svg"
            >
              <defs />
              <g>
                <g>
                  <path
                    d="M7.39 9.51a.5.5 0 01-.78 0l-3-3.7a.51.51 0 01-.06-.53A.5.5 0 014 5h6a.5.5 0 01.45.28.51.51 0 01-.06.53z"
                    fill="currentColor"
                    fill-rule="evenodd"
                    id="down-filled_svg__down-2"
                  />
                </g>
              </g>
            </svg>
          </span>
          <span
            class="gio-icon gio-input__suffix-iconGroup-top gio-input__suffix-icon"
          >
            <svg
              class="gio-icon-svg"
              fill="currentColor"
              height="16px"
              viewBox="0 0 14 14"
              width="16px"
              xmlns="http://www.w3.org/2000/svg"
            >
              <defs />
              <g>
                <g>
                  <path
                    d="M6.61 4.49a.5.5 0 01.78 0l3 3.7a.51.51 0 01.06.53A.5.5 0 0110 9H4a.5.5 0 01-.45-.28.51.51 0 01.06-.53z"
                    fill="currentColor"
                    fill-rule="evenodd"
                    id="up-filled_svg__up-2"
                  />
                </g>
              </g>
            </svg>
          </span>
        </div>
      </div>
    </div>
    <div
      style="white-space: nowrap; margin: 16px 4px;"
    >
      天之内
    </div>
  </div>,
]
`;

exports[`RelativeBetween select 1`] = `
Array [
  <div
    style="display: flex; align-items: center; flex-wrap: wrap;"
  >
    <div
      aria-controls="expandable"
      aria-disabled="false"
      aria-expanded="false"
      aria-hidden="true"
      class="gio-select gio-select-middle gio-select-single gio-select-bordered"
      role="combobox"
      style="margin-right: 4px; width: 90px; cursor: pointer;"
      tabindex="0"
    >
      <div
        id="selector"
      >
        <div
          class="gio-select-selector"
        >
          <div
            class="gio-select-values-wrapper"
          >
            <div
              class="gio-select-item"
            >
              <span
                class="gio-select-item-text"
              >
                未来
              </span>
            </div>
          </div>
        </div>
        <div
          aria-hidden="true"
          class="gio-select-arrow"
        >
          <span
            class="gio-icon gio-select-icon-arrow"
          >
            <svg
              class="gio-icon-svg"
              fill="currentColor"
              height="16px"
              viewBox="0 0 14 14"
              width="16px"
              xmlns="http://www.w3.org/2000/svg"
            >
              <defs />
              <g>
                <g>
                  <path
                    d="M7.39 9.51a.5.5 0 01-.78 0l-3-3.7a.51.51 0 01-.06-.53A.5.5 0 014 5h6a.5.5 0 01.45.28.51.51 0 01-.06.53z"
                    fill="currentColor"
                    fill-rule="evenodd"
                    id="down-filled_svg__down-2"
                  />
                </g>
              </g>
            </svg>
          </span>
        </div>
      </div>
    </div>
    <div
      class="gio-input gio-input--middle gio-input__container"
      style="width: 150px; margin: 0px 4px;"
    >
      <input
        class="gio-input__content gio-input__content-suffix"
        placeholder=""
        type="text"
        value="1"
      />
      <div
        class="gio-input__suffix"
      >
        <div
          class="gio-input__suffix-iconGroup"
        >
          <span
            class="gio-icon gio-input__suffix-iconGroup-bottom gio-input__suffix-icon-disabled"
          >
            <svg
              class="gio-icon-svg"
              fill="currentColor"
              height="16px"
              viewBox="0 0 14 14"
              width="16px"
              xmlns="http://www.w3.org/2000/svg"
            >
              <defs />
              <g>
                <g>
                  <path
                    d="M7.39 9.51a.5.5 0 01-.78 0l-3-3.7a.51.51 0 01-.06-.53A.5.5 0 014 5h6a.5.5 0 01.45.28.51.51 0 01-.06.53z"
                    fill="currentColor"
                    fill-rule="evenodd"
                    id="down-filled_svg__down-2"
                  />
                </g>
              </g>
            </svg>
          </span>
          <span
            class="gio-icon gio-input__suffix-iconGroup-top gio-input__suffix-icon"
          >
            <svg
              class="gio-icon-svg"
              fill="currentColor"
              height="16px"
              viewBox="0 0 14 14"
              width="16px"
              xmlns="http://www.w3.org/2000/svg"
            >
              <defs />
              <g>
                <g>
                  <path
                    d="M6.61 4.49a.5.5 0 01.78 0l3 3.7a.51.51 0 01.06.53A.5.5 0 0110 9H4a.5.5 0 01-.45-.28.51.51 0 01.06-.53z"
                    fill="currentColor"
                    fill-rule="evenodd"
                    id="up-filled_svg__up-2"
                  />
                </g>
              </g>
            </svg>
          </span>
        </div>
      </div>
    </div>
    <div
      style="white-space: nowrap; margin: 0px 4px;"
    >
      天至
    </div>
  </div>,
  <div
    style="display: flex; align-items: center; flex-wrap: wrap;"
  >
    <div
      class="gio-input gio-input--middle gio-input__container"
      style="width: 150px; margin: 0px 4px 0px 0px;"
    >
      <input
        class="gio-input__content gio-input__content-suffix"
        placeholder=""
        type="text"
        value="1"
      />
      <div
        class="gio-input__suffix"
      >
        <div
          class="gio-input__suffix-iconGroup"
        >
          <span
            class="gio-icon gio-input__suffix-iconGroup-bottom gio-input__suffix-icon-disabled"
          >
            <svg
              class="gio-icon-svg"
              fill="currentColor"
              height="16px"
              viewBox="0 0 14 14"
              width="16px"
              xmlns="http://www.w3.org/2000/svg"
            >
              <defs />
              <g>
                <g>
                  <path
                    d="M7.39 9.51a.5.5 0 01-.78 0l-3-3.7a.51.51 0 01-.06-.53A.5.5 0 014 5h6a.5.5 0 01.45.28.51.51 0 01-.06.53z"
                    fill="currentColor"
                    fill-rule="evenodd"
                    id="down-filled_svg__down-2"
                  />
                </g>
              </g>
            </svg>
          </span>
          <span
            class="gio-icon gio-input__suffix-iconGroup-top gio-input__suffix-icon"
          >
            <svg
              class="gio-icon-svg"
              fill="currentColor"
              height="16px"
              viewBox="0 0 14 14"
              width="16px"
              xmlns="http://www.w3.org/2000/svg"
            >
              <defs />
              <g>
                <g>
                  <path
                    d="M6.61 4.49a.5.5 0 01.78 0l3 3.7a.51.51 0 01.06.53A.5.5 0 0110 9H4a.5.5 0 01-.45-.28.51.51 0 01.06-.53z"
                    fill="currentColor"
                    fill-rule="evenodd"
                    id="up-filled_svg__up-2"
                  />
                </g>
              </g>
            </svg>
          </span>
        </div>
      </div>
    </div>
    <div
      style="white-space: nowrap; margin: 16px 4px;"
    >
      天之内
    </div>
  </div>,
]
`;

exports[`RelativeBetween select not number 1`] = `
Array [
  <div
    style="display: flex; align-items: center; flex-wrap: wrap;"
  >
    <div
      aria-controls="expandable"
      aria-disabled="false"
      aria-expanded="false"
      aria-hidden="true"
      class="gio-select gio-select-middle gio-select-single gio-select-bordered"
      role="combobox"
      style="margin-right: 4px; width: 90px; cursor: pointer;"
      tabindex="0"
    >
      <div
        id="selector"
      >
        <div
          class="gio-select-selector"
        >
          <div
            class="gio-select-values-wrapper"
          >
            <div
              class="gio-select-item"
            >
              <span
                class="gio-select-item-text"
              >
                过去
              </span>
            </div>
          </div>
        </div>
        <div
          aria-hidden="true"
          class="gio-select-arrow"
        >
          <span
            class="gio-icon gio-select-icon-arrow"
          >
            <svg
              class="gio-icon-svg"
              fill="currentColor"
              height="16px"
              viewBox="0 0 14 14"
              width="16px"
              xmlns="http://www.w3.org/2000/svg"
            >
              <defs />
              <g>
                <g>
                  <path
                    d="M7.39 9.51a.5.5 0 01-.78 0l-3-3.7a.51.51 0 01-.06-.53A.5.5 0 014 5h6a.5.5 0 01.45.28.51.51 0 01-.06.53z"
                    fill="currentColor"
                    fill-rule="evenodd"
                    id="down-filled_svg__down-2"
                  />
                </g>
              </g>
            </svg>
          </span>
        </div>
      </div>
    </div>
    <div
      class="gio-input gio-input--middle gio-input__container"
      style="width: 150px; margin: 0px 4px;"
    >
      <input
        class="gio-input__content gio-input__content-suffix"
        placeholder=""
        type="text"
        value=""
      />
      <div
        class="gio-input__suffix"
      >
        <div
          class="gio-input__suffix-iconGroup"
        >
          <span
            class="gio-icon gio-input__suffix-iconGroup-bottom gio-input__suffix-icon-disabled"
          >
            <svg
              class="gio-icon-svg"
              fill="currentColor"
              height="16px"
              viewBox="0 0 14 14"
              width="16px"
              xmlns="http://www.w3.org/2000/svg"
            >
              <defs />
              <g>
                <g>
                  <path
                    d="M7.39 9.51a.5.5 0 01-.78 0l-3-3.7a.51.51 0 01-.06-.53A.5.5 0 014 5h6a.5.5 0 01.45.28.51.51 0 01-.06.53z"
                    fill="currentColor"
                    fill-rule="evenodd"
                    id="down-filled_svg__down-2"
                  />
                </g>
              </g>
            </svg>
          </span>
          <span
            class="gio-icon gio-input__suffix-iconGroup-top gio-input__suffix-icon"
          >
            <svg
              class="gio-icon-svg"
              fill="currentColor"
              height="16px"
              viewBox="0 0 14 14"
              width="16px"
              xmlns="http://www.w3.org/2000/svg"
            >
              <defs />
              <g>
                <g>
                  <path
                    d="M6.61 4.49a.5.5 0 01.78 0l3 3.7a.51.51 0 01.06.53A.5.5 0 0110 9H4a.5.5 0 01-.45-.28.51.51 0 01.06-.53z"
                    fill="currentColor"
                    fill-rule="evenodd"
                    id="up-filled_svg__up-2"
                  />
                </g>
              </g>
            </svg>
          </span>
        </div>
      </div>
    </div>
    <div
      style="white-space: nowrap; margin: 0px 4px;"
    >
      天至
    </div>
  </div>,
  <div
    style="display: flex; align-items: center; flex-wrap: wrap;"
  >
    <div
      class="gio-input gio-input--middle gio-input__container"
      style="width: 150px; margin: 0px 4px 0px 0px;"
    >
      <input
        class="gio-input__content gio-input__content-suffix"
        placeholder=""
        type="text"
        value=""
      />
      <div
        class="gio-input__suffix"
      >
        <div
          class="gio-input__suffix-iconGroup"
        >
          <span
            class="gio-icon gio-input__suffix-iconGroup-bottom gio-input__suffix-icon-disabled"
          >
            <svg
              class="gio-icon-svg"
              fill="currentColor"
              height="16px"
              viewBox="0 0 14 14"
              width="16px"
              xmlns="http://www.w3.org/2000/svg"
            >
              <defs />
              <g>
                <g>
                  <path
                    d="M7.39 9.51a.5.5 0 01-.78 0l-3-3.7a.51.51 0 01-.06-.53A.5.5 0 014 5h6a.5.5 0 01.45.28.51.51 0 01-.06.53z"
                    fill="currentColor"
                    fill-rule="evenodd"
                    id="down-filled_svg__down-2"
                  />
                </g>
              </g>
            </svg>
          </span>
          <span
            class="gio-icon gio-input__suffix-iconGroup-top gio-input__suffix-icon"
          >
            <svg
              class="gio-icon-svg"
              fill="currentColor"
              height="16px"
              viewBox="0 0 14 14"
              width="16px"
              xmlns="http://www.w3.org/2000/svg"
            >
              <defs />
              <g>
                <g>
                  <path
                    d="M6.61 4.49a.5.5 0 01.78 0l3 3.7a.51.51 0 01.06.53A.5.5 0 0110 9H4a.5.5 0 01-.45-.28.51.51 0 01.06-.53z"
                    fill="currentColor"
                    fill-rule="evenodd"
                    id="up-filled_svg__up-2"
                  />
                </g>
              </g>
            </svg>
          </span>
        </div>
      </div>
    </div>
    <div
      style="white-space: nowrap; margin: 16px 4px;"
    >
      天之内
    </div>
  </div>,
]
`;

exports[`RelativeBetween select number 1`] = `
Array [
  <div
    style="display: flex; align-items: center; flex-wrap: wrap;"
  >
    <div
      aria-controls="expandable"
      aria-disabled="false"
      aria-expanded="false"
      aria-hidden="true"
      class="gio-select gio-select-middle gio-select-single gio-select-bordered"
      role="combobox"
      style="margin-right: 4px; width: 90px; cursor: pointer;"
      tabindex="0"
    >
      <div
        id="selector"
      >
        <div
          class="gio-select-selector"
        >
          <div
            class="gio-select-values-wrapper"
          >
            <div
              class="gio-select-item"
            >
              <span
                class="gio-select-item-text"
              >
                过去
              </span>
            </div>
          </div>
        </div>
        <div
          aria-hidden="true"
          class="gio-select-arrow"
        >
          <span
            class="gio-icon gio-select-icon-arrow"
          >
            <svg
              class="gio-icon-svg"
              fill="currentColor"
              height="16px"
              viewBox="0 0 14 14"
              width="16px"
              xmlns="http://www.w3.org/2000/svg"
            >
              <defs />
              <g>
                <g>
                  <path
                    d="M7.39 9.51a.5.5 0 01-.78 0l-3-3.7a.51.51 0 01-.06-.53A.5.5 0 014 5h6a.5.5 0 01.45.28.51.51 0 01-.06.53z"
                    fill="currentColor"
                    fill-rule="evenodd"
                    id="down-filled_svg__down-2"
                  />
                </g>
              </g>
            </svg>
          </span>
        </div>
      </div>
    </div>
    <div
      class="gio-input gio-input--middle gio-input__container"
      style="width: 150px; margin: 0px 4px;"
    >
      <input
        class="gio-input__content gio-input__content-suffix"
        placeholder=""
        type="text"
        value="2"
      />
      <div
        class="gio-input__suffix"
      >
        <div
          class="gio-input__suffix-iconGroup"
        >
          <span
            class="gio-icon gio-input__suffix-iconGroup-bottom gio-input__suffix-icon"
          >
            <svg
              class="gio-icon-svg"
              fill="currentColor"
              height="16px"
              viewBox="0 0 14 14"
              width="16px"
              xmlns="http://www.w3.org/2000/svg"
            >
              <defs />
              <g>
                <g>
                  <path
                    d="M7.39 9.51a.5.5 0 01-.78 0l-3-3.7a.51.51 0 01-.06-.53A.5.5 0 014 5h6a.5.5 0 01.45.28.51.51 0 01-.06.53z"
                    fill="currentColor"
                    fill-rule="evenodd"
                    id="down-filled_svg__down-2"
                  />
                </g>
              </g>
            </svg>
          </span>
          <span
            class="gio-icon gio-input__suffix-iconGroup-top gio-input__suffix-icon"
          >
            <svg
              class="gio-icon-svg"
              fill="currentColor"
              height="16px"
              viewBox="0 0 14 14"
              width="16px"
              xmlns="http://www.w3.org/2000/svg"
            >
              <defs />
              <g>
                <g>
                  <path
                    d="M6.61 4.49a.5.5 0 01.78 0l3 3.7a.51.51 0 01.06.53A.5.5 0 0110 9H4a.5.5 0 01-.45-.28.51.51 0 01.06-.53z"
                    fill="currentColor"
                    fill-rule="evenodd"
                    id="up-filled_svg__up-2"
                  />
                </g>
              </g>
            </svg>
          </span>
        </div>
      </div>
    </div>
    <div
      style="white-space: nowrap; margin: 0px 4px;"
    >
      天至
    </div>
  </div>,
  <div
    style="display: flex; align-items: center; flex-wrap: wrap;"
  >
    <div
      class="gio-input gio-input--middle gio-input__container"
      style="width: 150px; margin: 0px 4px 0px 0px;"
    >
      <input
        class="gio-input__content gio-input__content-suffix"
        placeholder=""
        type="text"
        value="4"
      />
      <div
        class="gio-input__suffix"
      >
        <div
          class="gio-input__suffix-iconGroup"
        >
          <span
            class="gio-icon gio-input__suffix-iconGroup-bottom gio-input__suffix-icon"
          >
            <svg
              class="gio-icon-svg"
              fill="currentColor"
              height="16px"
              viewBox="0 0 14 14"
              width="16px"
              xmlns="http://www.w3.org/2000/svg"
            >
              <defs />
              <g>
                <g>
                  <path
                    d="M7.39 9.51a.5.5 0 01-.78 0l-3-3.7a.51.51 0 01-.06-.53A.5.5 0 014 5h6a.5.5 0 01.45.28.51.51 0 01-.06.53z"
                    fill="currentColor"
                    fill-rule="evenodd"
                    id="down-filled_svg__down-2"
                  />
                </g>
              </g>
            </svg>
          </span>
          <span
            class="gio-icon gio-input__suffix-iconGroup-top gio-input__suffix-icon"
          >
            <svg
              class="gio-icon-svg"
              fill="currentColor"
              height="16px"
              viewBox="0 0 14 14"
              width="16px"
              xmlns="http://www.w3.org/2000/svg"
            >
              <defs />
              <g>
                <g>
                  <path
                    d="M6.61 4.49a.5.5 0 01.78 0l3 3.7a.51.51 0 01.06.53A.5.5 0 0110 9H4a.5.5 0 01-.45-.28.51.51 0 01.06-.53z"
                    fill="currentColor"
                    fill-rule="evenodd"
                    id="up-filled_svg__up-2"
                  />
                </g>
              </g>
            </svg>
          </span>
        </div>
      </div>
    </div>
    <div
      style="white-space: nowrap; margin: 16px 4px;"
    >
      天之内
    </div>
  </div>,
]
`;
