// Jest Snapshot v1, https://goo.gl/fbAQLP

exports[`OperationMenu test operation-menu 1`] = `
Object {
  "asFragment": [Function],
  "baseElement": <body>
    <div>
      <div>
        <button
          class="gio-btn gio-btn-text gio-btn-mini gio-btn-icon-only"
          style="cursor: pointer;"
          type="button"
        >
          <span
            aria-label="more-outlined"
            class="gio-icon"
            role="img"
          >
            <svg
              fill="currentColor"
              height="16px"
              viewBox="0 0 14 14"
              width="16px"
              xmlns="http://www.w3.org/2000/svg"
            >
              <path
                class="more-outlined_svg__cls-2"
                d="M7 1a1 1 0 11-1 1 1 1 0 011-1zm0 5a1 1 0 11-1 1 1 1 0 011-1zm0 5a1 1 0 11-1 1 1 1 0 011-1z"
                fill="currentColor"
              />
            </svg>
          </span>
        </button>
      </div>
    </div>
  </body>,
  "container": <div>
    <div>
      <button
        class="gio-btn gio-btn-text gio-btn-mini gio-btn-icon-only"
        style="cursor: pointer;"
        type="button"
      >
        <span
          aria-label="more-outlined"
          class="gio-icon"
          role="img"
        >
          <svg
            fill="currentColor"
            height="16px"
            viewBox="0 0 14 14"
            width="16px"
            xmlns="http://www.w3.org/2000/svg"
          >
            <path
              class="more-outlined_svg__cls-2"
              d="M7 1a1 1 0 11-1 1 1 1 0 011-1zm0 5a1 1 0 11-1 1 1 1 0 011-1zm0 5a1 1 0 11-1 1 1 1 0 011-1z"
              fill="currentColor"
            />
          </svg>
        </span>
      </button>
    </div>
  </div>,
  "debug": [Function],
  "findAllByAltText": [Function],
  "findAllByDisplayValue": [Function],
  "findAllByLabelText": [Function],
  "findAllByPlaceholderText": [Function],
  "findAllByRole": [Function],
  "findAllByTestId": [Function],
  "findAllByText": [Function],
  "findAllByTitle": [Function],
  "findByAltText": [Function],
  "findByDisplayValue": [Function],
  "findByLabelText": [Function],
  "findByPlaceholderText": [Function],
  "findByRole": [Function],
  "findByTestId": [Function],
  "findByText": [Function],
  "findByTitle": [Function],
  "getAllByAltText": [Function],
  "getAllByDisplayValue": [Function],
  "getAllByLabelText": [Function],
  "getAllByPlaceholderText": [Function],
  "getAllByRole": [Function],
  "getAllByTestId": [Function],
  "getAllByText": [Function],
  "getAllByTitle": [Function],
  "getByAltText": [Function],
  "getByDisplayValue": [Function],
  "getByLabelText": [Function],
  "getByPlaceholderText": [Function],
  "getByRole": [Function],
  "getByTestId": [Function],
  "getByText": [Function],
  "getByTitle": [Function],
  "queryAllByAltText": [Function],
  "queryAllByDisplayValue": [Function],
  "queryAllByLabelText": [Function],
  "queryAllByPlaceholderText": [Function],
  "queryAllByRole": [Function],
  "queryAllByTestId": [Function],
  "queryAllByText": [Function],
  "queryAllByTitle": [Function],
  "queryByAltText": [Function],
  "queryByDisplayValue": [Function],
  "queryByLabelText": [Function],
  "queryByPlaceholderText": [Function],
  "queryByRole": [Function],
  "queryByTestId": [Function],
  "queryByText": [Function],
  "queryByTitle": [Function],
  "rerender": [Function],
  "unmount": [Function],
}
`;
