// Jest Snapshot v1, https://goo.gl/fbAQLP

exports[`Picker snapshots will only show input 1`] = `
<div
  class="gio-picker-trigger"
  style="cursor:pointer"
>
  <div
    class="gio-input gio-input--middle gio-input__container"
  >
    <input
      aria-label="picker-value"
      class="gio-input__content gio-input__content-suffix"
      placeholder=""
      type="text"
      value=""
    />
    <div
      class="gio-input__suffix"
    >
      <span
        class="gio-icon"
      >
        <svg
          class="gio-icon-svg"
          fill="currentColor"
          height="16px"
          viewBox="0 0 14 14"
          width="16px"
          xmlns="http://www.w3.org/2000/svg"
        >
          <defs />
          <g
            data-name="\\\\u56FE\\\\u5C42 2"
            id="down-filled_svg__\\\\u56FE\\\\u5C42_2"
          >
            <g
              data-name="\\\\u56FE\\\\u5C42 1"
              id="down-filled_svg__\\\\u56FE\\\\u5C42_1-2"
            >
              <path
                d="M7.39 9.51a.5.5 0 01-.78 0l-3-3.7a.51.51 0 01-.06-.53A.5.5 0 014 5h6a.5.5 0 01.45.28.51.51 0 01-.06.53z"
                fill="currentColor"
                fill-rule="evenodd"
                id="down-filled_svg__down-2"
              />
            </g>
          </g>
        </svg>
      </span>
    </div>
  </div>
</div>
`;
