// Jest Snapshot v1, https://goo.gl/fbAQLP

exports[`expression test should match Expression snapshot. 1`] = `
<div
  class="expression-box"
  id="expression-box"
>
  <div
    class="express-regular_select"
  >
    <div
      class="expression-icon"
    >
      1
    </div>
    <div
      class="gio-selector gio-selector--middle gio-selector--borderless gio-property-selector"
      style="cursor:pointer"
    >
      <span
        class="gio-selector__placeholder"
      >
        选择属性
      </span>
      <span
        aria-label="down-filled"
        class="gio-icon gio-selector__arrow"
        role="img"
      >
        <svg
          fill="currentColor"
          height="14px"
          viewBox="0 0 14 14"
          width="14px"
          xmlns="http://www.w3.org/2000/svg"
        >
          <defs />
          <g>
            <g>
              <path
                d="M7.39 9.51a.5.5 0 01-.78 0l-3-3.7a.51.51 0 01-.06-.53A.5.5 0 014 5h6a.5.5 0 01.45.28.51.51 0 01-.06.53z"
                fill="currentColor"
                fill-rule="evenodd"
                id="down-filled_svg__down-2"
              />
            </g>
          </g>
        </svg>
      </span>
    </div>
  </div>
  <button
    class="gio-btn gio-btn-text gio-btn-middle gio-btn-icon-only"
    type="button"
  >
    <span
      aria-label="delete-outlined"
      class="gio-icon"
      role="img"
    >
      <svg
        fill="currentColor"
        height="14px"
        viewBox="0 0 14 14"
        width="14px"
        xmlns="http://www.w3.org/2000/svg"
      >
        <defs />
        <g>
          <g>
            <path
              d="M9 1.2a.2.2 0 00-.2-.2H5.2a.2.2 0 00-.2.2v.6a.2.2 0 00.2.2h3.6a.2.2 0 00.2-.2zm1 9.3a.5.5 0 01-1 0v-5a.5.5 0 011 0zm-5 0a.5.5 0 01-.85.35.47.47 0 01-.15-.35v-5a.5.5 0 01.85-.35.47.47 0 01.15.35zm2.5 0a.5.5 0 01-1 0v-5a.5.5 0 011 0zm4-7A.5.5 0 0011 3H3a.5.5 0 00-.5.5v9a.5.5 0 00.5.5h8a.5.5 0 00.5-.5zm-1.5-2a.47.47 0 00.15.35.47.47 0 00.35.15H13a.5.5 0 010 1h-.34a.17.17 0 00-.16.16V13a1 1 0 01-1 1h-9a1 1 0 01-1-1V3.16A.17.17 0 001.34 3H1a.5.5 0 010-1h2.5a.47.47 0 00.35-.15A.47.47 0 004 1.5V1a1 1 0 01.29-.71A1 1 0 015 0h4a1 1 0 01.71.29A1 1 0 0110 1z"
              fill="currentColor"
              fill-rule="evenodd"
              id="delete-outlined_svg__delete"
            />
          </g>
        </g>
      </svg>
    </span>
  </button>
</div>
`;
