// Jest Snapshot v1, https://goo.gl/fbAQLP

exports[`FilterPicker should match FilterPicker base snapshot. 1`] = `
<button
  class="gio-btn gio-btn-text gio-btn-small gio-btn-icon-only"
  style="cursor:pointer"
  type="button"
>
  <span
    aria-label="filter-outlined"
    class="gio-icon"
    role="img"
  >
    <svg
      fill="currentColor"
      height="16px"
      viewBox="0 0 14 14"
      width="16px"
      xmlns="http://www.w3.org/2000/svg"
    >
      <defs />
      <g>
        <g>
          <path
            d="M6 6.46L5.56 6zM7.5 13a.51.51 0 00.5-.5V6.86a1 1 0 01.28-.69l4.16-4.32a.55.55 0 00.1-.55.51.51 0 00-.46-.3H1.92a.51.51 0 00-.46.3.53.53 0 00.1.55l4 4.15.16.17a1 1 0 01.28.69v5.64a.51.51 0 00.5.5zM9 13a1 1 0 01-1 1H6a1 1 0 01-1-1V7.28a1 1 0 00-.27-.69L.89 2.53A1.5 1.5 0 012 0h10a1.5 1.5 0 011.09 2.53L9.27 6.59a1 1 0 00-.27.69z"
            fill="currentColor"
            fill-rule="evenodd"
            id="filter-outlined_svg__filter"
          />
        </g>
      </g>
    </svg>
  </span>
</button>
`;

exports[`FilterPicker when use children, should render it correctly 1`] = `
<div
  class=""
  style="cursor:pointer"
>
  过滤选择器
</div>
`;
